// Jest Snapshot v1, https://goo.gl/fbAQLP

exports[`Pruebas en el componente Indecision Debe de estar igual al snaptshow 1`] = `
<!--v-if-->
<div class="bg-dark"></div>
<div class="indecision-container"><input type="text" placeholder="Hazme una pregunta">
  <p>Recuerda terminar con un signo de interrogaci√≥n (?)</p>
  <!--v-if-->
</div>
`;
